// Jest Snapshot v1, https://goo.gl/fbAQLP

exports[`renders correctly 1`] = `
<Text
  style={
    Object {
      "color": "#748c94",
      "fontSize": 12,
      "textAlign": "center",
    }
  }
>
  Copyright Â© 
   Eurisko Mobility 
  2022
</Text>
`;
