// Jest Snapshot v1, https://goo.gl/fbAQLP

exports[`Component should show search bar 1`] = `
<View
  style={
    Object {
      "backgroundColor": "white",
      "paddingBottom": 0,
      "paddingHorizontal": 0,
    }
  }
>
  <View
    style={
      Object {
        "alignItems": "center",
        "flexDirection": "row",
        "paddingTop": 0,
      }
    }
  />
  <View
    style={
      Object {
        "alignItems": "center",
        "alignSelf": "center",
        "backgroundColor": "white",
        "borderRadius": 0,
        "flexDirection": "row",
        "opacity": 1,
        "paddingHorizontal": 10,
        "paddingVertical": 0,
        "width": "95%",
      }
    }
  >
    <Image
      source={
        Object {
          "testUri": "../../../assets/srh.png",
        }
      }
      style={
        Object {
          "height": 16,
          "marginLeft": 5,
          "marginRight": 5,
          "width": 16,
        }
      }
    />
    <TextInput
      onChangeText={[Function]}
      placeholder="Chercher des Articles"
      placeholderTextColor="gray"
      style={
        Object {
          "backgroundColor": "white",
          "color": "#0a0a0f",
          "width": "80%",
        }
      }
      value=""
    />
  </View>
</View>
`;

exports[`DashHeader Component Component should show search bar 1`] = `
<View
  style={
    Object {
      "backgroundColor": "white",
      "paddingBottom": 0,
      "paddingHorizontal": 0,
    }
  }
>
  <View
    style={
      Object {
        "alignItems": "center",
        "flexDirection": "row",
        "paddingTop": 0,
      }
    }
  />
  <View
    style={
      Object {
        "alignItems": "center",
        "alignSelf": "center",
        "backgroundColor": "white",
        "borderRadius": 0,
        "flexDirection": "row",
        "opacity": 1,
        "paddingHorizontal": 10,
        "paddingVertical": 0,
        "width": "95%",
      }
    }
  >
    <Image
      source={
        Object {
          "testUri": "../../../assets/srh.png",
        }
      }
      style={
        Object {
          "height": 16,
          "marginLeft": 5,
          "marginRight": 5,
          "width": 16,
        }
      }
    />
    <TextInput
      onChangeText={[Function]}
      placeholder="Chercher des Articles"
      placeholderTextColor="gray"
      style={
        Object {
          "backgroundColor": "white",
          "color": "#0a0a0f",
          "width": "80%",
        }
      }
      value=""
    />
  </View>
</View>
`;
