// Jest Snapshot v1, https://goo.gl/fbAQLP

exports[`Component should display props 1`] = `
<View
  style={
    Object {
      "bottom": 0,
      "left": 0,
      "marginVertical": "20%",
      "position": "relative",
      "right": 0,
      "top": 0,
    }
  }
>
  <View
    style={
      Object {
        "alignItems": "center",
        "display": "flex",
        "justifyContent": "center",
      }
    }
  >
    <Image
      source={
        Object {
          "testUri": "../../../assets/eurisko.jpg",
        }
      }
      style={
        Object {
          "borderColor": "black",
          "borderRadius": 3,
          "borderWidth": 0,
          "height": 120,
          "width": 110,
        }
      }
      testID="image"
    />
    <View
      accessibilityState={
        Object {
          "disabled": true,
        }
      }
      accessible={true}
      collapsable={false}
      focusable={true}
      onBlur={[Function]}
      onClick={[Function]}
      onFocus={[Function]}
      onResponderGrant={[Function]}
      onResponderMove={[Function]}
      onResponderRelease={[Function]}
      onResponderTerminate={[Function]}
      onResponderTerminationRequest={[Function]}
      onStartShouldSetResponder={[Function]}
      style={
        Array [
          false,
          false,
          Object {
            "alignItems": "center",
            "borderRadius": 5,
            "marginVertical": 20,
            "padding": 10,
          },
        ]
      }
      testID="modalBackButton"
    >
      <Text
        style={
          Object {
            "color": "black",
            "fontWeight": "bold",
          }
        }
        testID="modalBackText"
      >
        Return to Dashboard
      </Text>
    </View>
  </View>
  <Text
    selectable={true}
    style={
      Object {
        "borderColor": "lightgray",
        "borderTopWidth": 1,
        "color": "#29a329",
        "fontSize": 15,
        "fontWeight": "bold",
        "letterSpacing": 1,
        "padding": 10,
        "textAlign": "center",
      }
    }
    testID="modalHeadline"
  />
  <Text
    selectable={true}
    style={
      Object {
        "borderColor": "lightgray",
        "borderTopWidth": 1,
        "color": "#0a0a0f",
        "fontSize": 15,
        "padding": 10,
        "textAlign": "center",
      }
    }
    testID="modalAuthor"
  />
  <Text
    style={
      Object {
        "borderColor": "lightgray",
        "borderTopWidth": 1,
        "color": "#0a0a0f",
        "fontSize": 15,
        "padding": 10,
        "textAlign": "center",
      }
    }
    testID="modalSection"
  />
  <Text
    onPress={[Function]}
    style={
      Object {
        "borderColor": "lightgray",
        "borderTopWidth": 1,
        "color": "#29a329",
        "fontSize": 15,
        "fontWeight": "bold",
        "padding": 10,
        "textAlign": "center",
      }
    }
    testID="webLink"
  >
    View on Website
  </Text>
  <Text
    selectable={true}
    style={
      Object {
        "borderBottomWidth": 1,
        "borderColor": "lightgray",
        "borderRadius": 0,
        "color": "black",
        "fontSize": 15,
        "fontWeight": "bold",
        "lineHeight": 25,
        "padding": 20,
      }
    }
    testID="leadParagraph"
  />
</View>
`;
