// Jest Snapshot v1, https://goo.gl/fbAQLP

exports[`renders correctly 1`] = `
<View
  style={
    Object {
      "alignContent": "center",
      "alignItems": "center",
      "backgroundColor": "white",
      "borderColor": "lightgray",
      "borderRadius": 10,
      "borderWidth": 1,
      "display": "flex",
      "flexDirection": "row",
      "justifyContent": "space-around",
      "margin": 10,
      "padding": 10,
    }
  }
>
  <View
    accessibilityState={
      Object {
        "disabled": false,
      }
    }
    accessible={true}
    collapsable={false}
    focusable={true}
    onBlur={[Function]}
    onClick={[Function]}
    onFocus={[Function]}
    onResponderGrant={[Function]}
    onResponderMove={[Function]}
    onResponderRelease={[Function]}
    onResponderTerminate={[Function]}
    onResponderTerminationRequest={[Function]}
    onStartShouldSetResponder={[Function]}
    style={
      Array [
        false,
        false,
        Object {
          "backgroundColor": "seagreen",
          "borderColor": "white",
          "borderRadius": 5,
          "borderWidth": 1,
          "padding": 5,
          "width": "30%",
        },
      ]
    }
  >
    <Text
      style={
        Object {
          "color": "white",
          "fontWeight": "bold",
          "letterSpacing": 0,
          "textAlign": "center",
        }
      }
    >
      DÃ©connecter
    </Text>
  </View>
  <View
    accessibilityState={
      Object {
        "disabled": false,
      }
    }
    accessible={true}
    collapsable={false}
    focusable={true}
    onBlur={[Function]}
    onClick={[Function]}
    onFocus={[Function]}
    onResponderGrant={[Function]}
    onResponderMove={[Function]}
    onResponderRelease={[Function]}
    onResponderTerminate={[Function]}
    onResponderTerminationRequest={[Function]}
    onStartShouldSetResponder={[Function]}
    style={
      Array [
        false,
        false,
        Object {
          "backgroundColor": "seagreen",
          "borderColor": "white",
          "borderRadius": 5,
          "borderWidth": 1,
          "padding": 5,
          "width": "30%",
        },
      ]
    }
  >
    <Text
      style={
        Object {
          "color": "white",
          "fontWeight": "bold",
          "letterSpacing": 0,
          "textAlign": "center",
        }
      }
    >
      Technologie
    </Text>
  </View>
</View>
`;
